data
oracles
options
porthelp
rumors
help
hh
cmdhelp
keyhelp
history
opthelp
optmenu
wizhelp
license
engrave
epitaph
bogusmon
tribute
Arc-fila.lua
Arc-filb.lua
Arc-goal.lua
Arc-loca.lua
Arc-strt.lua
Bar-fila.lua
Bar-filb.lua
Bar-goal.lua
Bar-loca.lua
Bar-strt.lua
Cav-fila.lua
Cav-filb.lua
Cav-goal.lua
Cav-loca.lua
Cav-strt.lua
Hea-fila.lua
Hea-filb.lua
Hea-goal.lua
Hea-loca.lua
Hea-strt.lua
Kni-fila.lua
Kni-filb.lua
Kni-goal.lua
Kni-loca.lua
Kni-strt.lua
Mon-fila.lua
Mon-filb.lua
Mon-goal.lua
Mon-loca.lua
Mon-strt.lua
Pri-fila.lua
Pri-filb.lua
Pri-goal.lua
Pri-loca.lua
Pri-strt.lua
Ran-fila.lua
Ran-filb.lua
Ran-goal.lua
Ran-loca.lua
Ran-strt.lua
Rog-fila.lua
Rog-filb.lua
Rog-goal.lua
Rog-loca.lua
Rog-strt.lua
Sam-fila.lua
Sam-filb.lua
Sam-goal.lua
Sam-loca.lua
Sam-strt.lua
Tou-fila.lua
Tou-filb.lua
Tou-goal.lua
Tou-loca.lua
Tou-strt.lua
Val-fila.lua
Val-filb.lua
Val-goal.lua
Val-loca.lua
Val-strt.lua
Wiz-fila.lua
Wiz-filb.lua
Wiz-goal.lua
Wiz-loca.lua
Wiz-strt.lua
air.lua
asmodeus.lua
astral.lua
baalz.lua
bigrm-1.lua
bigrm-10.lua
bigrm-11.lua
bigrm-12.lua
bigrm-13.lua
bigrm-2.lua
bigrm-3.lua
bigrm-4.lua
bigrm-5.lua
bigrm-6.lua
bigrm-7.lua
bigrm-8.lua
bigrm-9.lua
castle.lua
dungeon.lua
earth.lua
fakewiz1.lua
fakewiz2.lua
fire.lua
hellfill.lua
juiblex.lua
knox.lua
medusa-1.lua
medusa-2.lua
medusa-3.lua
medusa-4.lua
minefill.lua
minend-1.lua
minend-2.lua
minend-3.lua
minetn-1.lua
minetn-2.lua
minetn-3.lua
minetn-4.lua
minetn-5.lua
minetn-6.lua
minetn-7.lua
nhcore.lua
nhlib.lua
oracle.lua
orcus.lua
quest.lua
sanctum.lua
soko1-1.lua
soko1-2.lua
soko2-1.lua
soko2-2.lua
soko3-1.lua
soko3-2.lua
soko4-1.lua
soko4-2.lua
themerms.lua
tower1.lua
tower2.lua
tower3.lua
tut-1.lua
tut-2.lua
valley.lua
water.lua
wizard1.lua
wizard2.lua
wizard3.lua
